total 2
-rw-r--r-- 1 PC 197121  27 6月  24 18:35 onlinecreate.html
-rw-r--r-- 1 PC 197121 541 6月  24 18:35 README.md
-rw-r--r-- 1 PC 197121   0 6月  24 18:36 test.log
